// Jest Snapshot v1, https://goo.gl/fbAQLP

exports[`CoinImage Component matches snapshot 1`] = `
<span
  className=" lazy-load-image-background blur"
  style={
    Object {
      "backgroundImage": "",
      "backgroundSize": "",
      "color": "transparent",
      "display": "inline-block",
      "height": "auto",
      "width": "100%",
    }
  }
>
  <span
    className=""
    style={
      Object {
        "display": "inline-block",
        "height": "auto",
        "width": "100%",
      }
    }
  />
</span>
`;
